 
****************************************
check_design summary:
Version:     P-2019.03-SP1-1
Date:        Thu Oct 21 19:21:55 2021
****************************************

                   Name                                            Total
--------------------------------------------------------------------------------
Inputs/Outputs                                                    261
    Unconnected ports (LINT-28)                                   259
    Feedthrough (LINT-29)                                           2

Cells                                                             167
    Connected to power or ground (LINT-32)                        167
--------------------------------------------------------------------------------

Warning: In design 'kernel_1', port 'o_1_0_0' is not connected to any nets. (LINT-28)
Warning: In design 'kernel_1', port 'o_1_2_1' is not connected to any nets. (LINT-28)
Warning: In design 'kernel_1', port 'o_1_2_0' is not connected to any nets. (LINT-28)
Warning: In design 'kernel_1', port 'o_1_8_1' is not connected to any nets. (LINT-28)
Warning: In design 'kernel_1', port 'o_1_8_0' is not connected to any nets. (LINT-28)
Warning: In design 'kernel_1', port 'o_1_15_1' is not connected to any nets. (LINT-28)
Warning: In design 'kernel_1', port 'o_1_15_0' is not connected to any nets. (LINT-28)
Warning: In design 'kernel_1', port 'o_1_18_1' is not connected to any nets. (LINT-28)
Warning: In design 'kernel_1', port 'o_1_18_0' is not connected to any nets. (LINT-28)
Warning: In design 'kernel_1', port 'o_1_20_1' is not connected to any nets. (LINT-28)
Warning: In design 'kernel_1', port 'o_1_20_0' is not connected to any nets. (LINT-28)
Warning: In design 'kernel_1', port 'o_1_22_1' is not connected to any nets. (LINT-28)
Warning: In design 'kernel_1', port 'o_1_22_0' is not connected to any nets. (LINT-28)
Warning: In design 'kernel_1', port 'o_1_29_1' is not connected to any nets. (LINT-28)
Warning: In design 'kernel_1', port 'o_1_29_0' is not connected to any nets. (LINT-28)
Warning: In design 'kernel_1', port 'o_1_32_1' is not connected to any nets. (LINT-28)
Warning: In design 'kernel_1', port 'o_1_32_0' is not connected to any nets. (LINT-28)
Warning: In design 'kernel_1', port 'o_1_37_1' is not connected to any nets. (LINT-28)
Warning: In design 'kernel_1', port 'o_1_37_0' is not connected to any nets. (LINT-28)
Warning: In design 'kernel_1', port 'o_1_39_1' is not connected to any nets. (LINT-28)
Warning: In design 'kernel_1', port 'o_1_39_0' is not connected to any nets. (LINT-28)
Warning: In design 'kernel_1', port 'o_1_40_1' is not connected to any nets. (LINT-28)
Warning: In design 'kernel_1', port 'o_1_40_0' is not connected to any nets. (LINT-28)
Warning: In design 'kernel_1', port 'o_1_50_0' is not connected to any nets. (LINT-28)
Warning: In design 'kernel_1', port 'o_1_53_1' is not connected to any nets. (LINT-28)
Warning: In design 'kernel_1', port 'o_1_53_0' is not connected to any nets. (LINT-28)
Warning: In design 'kernel_1', port 'o_1_55_1' is not connected to any nets. (LINT-28)
Warning: In design 'kernel_1', port 'o_1_55_0' is not connected to any nets. (LINT-28)
Warning: In design 'kernel_1', port 'o_1_62_1' is not connected to any nets. (LINT-28)
Warning: In design 'kernel_1', port 'o_1_62_0' is not connected to any nets. (LINT-28)
Warning: In design 'kernel_2', port 'i_2_2_1' is not connected to any nets. (LINT-28)
Warning: In design 'kernel_2', port 'i_2_2_0' is not connected to any nets. (LINT-28)
Warning: In design 'kernel_2', port 'i_2_8_1' is not connected to any nets. (LINT-28)
Warning: In design 'kernel_2', port 'i_2_8_0' is not connected to any nets. (LINT-28)
Warning: In design 'kernel_2', port 'i_2_15_1' is not connected to any nets. (LINT-28)
Warning: In design 'kernel_2', port 'i_2_15_0' is not connected to any nets. (LINT-28)
Warning: In design 'kernel_2', port 'i_2_18_1' is not connected to any nets. (LINT-28)
Warning: In design 'kernel_2', port 'i_2_18_0' is not connected to any nets. (LINT-28)
Warning: In design 'kernel_2', port 'i_2_20_1' is not connected to any nets. (LINT-28)
Warning: In design 'kernel_2', port 'i_2_20_0' is not connected to any nets. (LINT-28)
Warning: In design 'kernel_2', port 'i_2_22_1' is not connected to any nets. (LINT-28)
Warning: In design 'kernel_2', port 'i_2_22_0' is not connected to any nets. (LINT-28)
Warning: In design 'kernel_2', port 'i_2_29_1' is not connected to any nets. (LINT-28)
Warning: In design 'kernel_2', port 'i_2_29_0' is not connected to any nets. (LINT-28)
Warning: In design 'kernel_2', port 'i_2_32_1' is not connected to any nets. (LINT-28)
Warning: In design 'kernel_2', port 'i_2_32_0' is not connected to any nets. (LINT-28)
Warning: In design 'kernel_2', port 'i_2_37_1' is not connected to any nets. (LINT-28)
Warning: In design 'kernel_2', port 'i_2_37_0' is not connected to any nets. (LINT-28)
Warning: In design 'kernel_2', port 'i_2_40_1' is not connected to any nets. (LINT-28)
Warning: In design 'kernel_2', port 'i_2_40_0' is not connected to any nets. (LINT-28)
Warning: In design 'kernel_2', port 'i_2_50_0' is not connected to any nets. (LINT-28)
Warning: In design 'kernel_2', port 'i_2_53_1' is not connected to any nets. (LINT-28)
Warning: In design 'kernel_2', port 'i_2_53_0' is not connected to any nets. (LINT-28)
Warning: In design 'kernel_2', port 'i_2_55_1' is not connected to any nets. (LINT-28)
Warning: In design 'kernel_2', port 'i_2_55_0' is not connected to any nets. (LINT-28)
Warning: In design 'kernel_2', port 'i_2_62_1' is not connected to any nets. (LINT-28)
Warning: In design 'kernel_2', port 'i_2_62_0' is not connected to any nets. (LINT-28)
Warning: In design 'kernel_2', port 'o_2_3_1' is not connected to any nets. (LINT-28)
Warning: In design 'kernel_2', port 'o_2_3_0' is not connected to any nets. (LINT-28)
Warning: In design 'kernel_2', port 'o_2_10_1' is not connected to any nets. (LINT-28)
Warning: In design 'kernel_2', port 'o_2_10_0' is not connected to any nets. (LINT-28)
Warning: In design 'kernel_3', port 'i_3_10_1' is not connected to any nets. (LINT-28)
Warning: In design 'kernel_3', port 'i_3_10_0' is not connected to any nets. (LINT-28)
Warning: In design 'kernel_3', port 'o_3_10_1' is not connected to any nets. (LINT-28)
Warning: In design 'kernel_3', port 'o_3_10_0' is not connected to any nets. (LINT-28)
Warning: In design 'kernel_3', port 'o_3_13_1' is not connected to any nets. (LINT-28)
Warning: In design 'kernel_3', port 'o_3_13_0' is not connected to any nets. (LINT-28)
Warning: In design 'kernel_3', port 'o_3_17_1' is not connected to any nets. (LINT-28)
Warning: In design 'kernel_3', port 'o_3_17_0' is not connected to any nets. (LINT-28)
Warning: In design 'kernel_3', port 'o_3_20_1' is not connected to any nets. (LINT-28)
Warning: In design 'kernel_3', port 'o_3_20_0' is not connected to any nets. (LINT-28)
Warning: In design 'kernel_3', port 'o_3_21_1' is not connected to any nets. (LINT-28)
Warning: In design 'kernel_3', port 'o_3_21_0' is not connected to any nets. (LINT-28)
Warning: In design 'kernel_3', port 'o_3_26_1' is not connected to any nets. (LINT-28)
Warning: In design 'kernel_3', port 'o_3_26_0' is not connected to any nets. (LINT-28)
Warning: In design 'kernel_3', port 'o_3_27_1' is not connected to any nets. (LINT-28)
Warning: In design 'kernel_3', port 'o_3_27_0' is not connected to any nets. (LINT-28)
Warning: In design 'kernel_3', port 'o_3_28_1' is not connected to any nets. (LINT-28)
Warning: In design 'kernel_3', port 'o_3_28_0' is not connected to any nets. (LINT-28)
Warning: In design 'kernel_3', port 'o_3_30_1' is not connected to any nets. (LINT-28)
Warning: In design 'kernel_3', port 'o_3_30_0' is not connected to any nets. (LINT-28)
Warning: In design 'kernel_3', port 'o_3_31_1' is not connected to any nets. (LINT-28)
Warning: In design 'kernel_3', port 'o_3_31_0' is not connected to any nets. (LINT-28)
Warning: In design 'kernel_4', port 'i_4_10_1' is not connected to any nets. (LINT-28)
Warning: In design 'kernel_4', port 'i_4_10_0' is not connected to any nets. (LINT-28)
Warning: In design 'kernel_4', port 'i_4_13_1' is not connected to any nets. (LINT-28)
Warning: In design 'kernel_4', port 'i_4_13_0' is not connected to any nets. (LINT-28)
Warning: In design 'kernel_4', port 'i_4_17_1' is not connected to any nets. (LINT-28)
Warning: In design 'kernel_4', port 'i_4_17_0' is not connected to any nets. (LINT-28)
Warning: In design 'kernel_4', port 'i_4_20_1' is not connected to any nets. (LINT-28)
Warning: In design 'kernel_4', port 'i_4_20_0' is not connected to any nets. (LINT-28)
Warning: In design 'kernel_4', port 'i_4_21_1' is not connected to any nets. (LINT-28)
Warning: In design 'kernel_4', port 'i_4_21_0' is not connected to any nets. (LINT-28)
Warning: In design 'kernel_4', port 'i_4_26_1' is not connected to any nets. (LINT-28)
Warning: In design 'kernel_4', port 'i_4_26_0' is not connected to any nets. (LINT-28)
Warning: In design 'kernel_4', port 'i_4_27_1' is not connected to any nets. (LINT-28)
Warning: In design 'kernel_4', port 'i_4_27_0' is not connected to any nets. (LINT-28)
Warning: In design 'kernel_4', port 'i_4_28_1' is not connected to any nets. (LINT-28)
Warning: In design 'kernel_4', port 'i_4_28_0' is not connected to any nets. (LINT-28)
Warning: In design 'kernel_4', port 'i_4_30_1' is not connected to any nets. (LINT-28)
Warning: In design 'kernel_4', port 'i_4_30_0' is not connected to any nets. (LINT-28)
Warning: In design 'kernel_4', port 'i_4_31_1' is not connected to any nets. (LINT-28)
Warning: In design 'kernel_4', port 'i_4_31_0' is not connected to any nets. (LINT-28)
Warning: In design 'kernel_4', port 'o_4_0_1' is not connected to any nets. (LINT-28)
Warning: In design 'kernel_4', port 'o_4_0_0' is not connected to any nets. (LINT-28)
Warning: In design 'kernel_4', port 'o_4_3_1' is not connected to any nets. (LINT-28)
Warning: In design 'kernel_4', port 'o_4_3_0' is not connected to any nets. (LINT-28)
Warning: In design 'kernel_4', port 'o_4_4_1' is not connected to any nets. (LINT-28)
Warning: In design 'kernel_4', port 'o_4_4_0' is not connected to any nets. (LINT-28)
Warning: In design 'kernel_4', port 'o_4_5_1' is not connected to any nets. (LINT-28)
Warning: In design 'kernel_4', port 'o_4_5_0' is not connected to any nets. (LINT-28)
Warning: In design 'kernel_4', port 'o_4_7_1' is not connected to any nets. (LINT-28)
Warning: In design 'kernel_4', port 'o_4_7_0' is not connected to any nets. (LINT-28)
Warning: In design 'kernel_4', port 'o_4_11_1' is not connected to any nets. (LINT-28)
Warning: In design 'kernel_4', port 'o_4_11_0' is not connected to any nets. (LINT-28)
Warning: In design 'kernel_4', port 'o_4_12_1' is not connected to any nets. (LINT-28)
Warning: In design 'kernel_4', port 'o_4_12_0' is not connected to any nets. (LINT-28)
Warning: In design 'kernel_4', port 'o_4_16_1' is not connected to any nets. (LINT-28)
Warning: In design 'kernel_4', port 'o_4_16_0' is not connected to any nets. (LINT-28)
Warning: In design 'kernel_4', port 'o_4_18_1' is not connected to any nets. (LINT-28)
Warning: In design 'kernel_4', port 'o_4_18_0' is not connected to any nets. (LINT-28)
Warning: In design 'kernel_4', port 'o_4_22_1' is not connected to any nets. (LINT-28)
Warning: In design 'kernel_4', port 'o_4_22_0' is not connected to any nets. (LINT-28)
Warning: In design 'kernel_4', port 'o_4_23_1' is not connected to any nets. (LINT-28)
Warning: In design 'kernel_4', port 'o_4_23_0' is not connected to any nets. (LINT-28)
Warning: In design 'kernel_4', port 'o_4_24_1' is not connected to any nets. (LINT-28)
Warning: In design 'kernel_4', port 'o_4_24_0' is not connected to any nets. (LINT-28)
Warning: In design 'kernel_4', port 'o_4_25_1' is not connected to any nets. (LINT-28)
Warning: In design 'kernel_4', port 'o_4_25_0' is not connected to any nets. (LINT-28)
Warning: In design 'kernel_4', port 'o_4_26_1' is not connected to any nets. (LINT-28)
Warning: In design 'kernel_4', port 'o_4_26_0' is not connected to any nets. (LINT-28)
Warning: In design 'kernel_4', port 'o_4_27_1' is not connected to any nets. (LINT-28)
Warning: In design 'kernel_4', port 'o_4_27_0' is not connected to any nets. (LINT-28)
Warning: In design 'kernel_4', port 'o_4_28_1' is not connected to any nets. (LINT-28)
Warning: In design 'kernel_4', port 'o_4_28_0' is not connected to any nets. (LINT-28)
Warning: In design 'kernel_4', port 'o_4_29_1' is not connected to any nets. (LINT-28)
Warning: In design 'kernel_4', port 'o_4_29_0' is not connected to any nets. (LINT-28)
Warning: In design 'kernel_4', port 'o_4_30_1' is not connected to any nets. (LINT-28)
Warning: In design 'kernel_4', port 'o_4_30_0' is not connected to any nets. (LINT-28)
Warning: In design 'kernel_4', port 'o_4_31_1' is not connected to any nets. (LINT-28)
Warning: In design 'kernel_4', port 'o_4_31_0' is not connected to any nets. (LINT-28)
Warning: In design 'kernel_5', port 'i_5_0_1' is not connected to any nets. (LINT-28)
Warning: In design 'kernel_5', port 'i_5_0_0' is not connected to any nets. (LINT-28)
Warning: In design 'kernel_5', port 'i_5_3_1' is not connected to any nets. (LINT-28)
Warning: In design 'kernel_5', port 'i_5_3_0' is not connected to any nets. (LINT-28)
Warning: In design 'kernel_5', port 'i_5_4_1' is not connected to any nets. (LINT-28)
Warning: In design 'kernel_5', port 'i_5_4_0' is not connected to any nets. (LINT-28)
Warning: In design 'kernel_5', port 'i_5_5_1' is not connected to any nets. (LINT-28)
Warning: In design 'kernel_5', port 'i_5_5_0' is not connected to any nets. (LINT-28)
Warning: In design 'kernel_5', port 'i_5_7_1' is not connected to any nets. (LINT-28)
Warning: In design 'kernel_5', port 'i_5_7_0' is not connected to any nets. (LINT-28)
Warning: In design 'kernel_5', port 'i_5_11_1' is not connected to any nets. (LINT-28)
Warning: In design 'kernel_5', port 'i_5_11_0' is not connected to any nets. (LINT-28)
Warning: In design 'kernel_5', port 'i_5_12_1' is not connected to any nets. (LINT-28)
Warning: In design 'kernel_5', port 'i_5_12_0' is not connected to any nets. (LINT-28)
Warning: In design 'kernel_5', port 'i_5_16_1' is not connected to any nets. (LINT-28)
Warning: In design 'kernel_5', port 'i_5_16_0' is not connected to any nets. (LINT-28)
Warning: In design 'kernel_5', port 'i_5_18_1' is not connected to any nets. (LINT-28)
Warning: In design 'kernel_5', port 'i_5_18_0' is not connected to any nets. (LINT-28)
Warning: In design 'kernel_5', port 'i_5_22_1' is not connected to any nets. (LINT-28)
Warning: In design 'kernel_5', port 'i_5_22_0' is not connected to any nets. (LINT-28)
Warning: In design 'kernel_5', port 'i_5_23_1' is not connected to any nets. (LINT-28)
Warning: In design 'kernel_5', port 'i_5_23_0' is not connected to any nets. (LINT-28)
Warning: In design 'kernel_5', port 'i_5_24_1' is not connected to any nets. (LINT-28)
Warning: In design 'kernel_5', port 'i_5_24_0' is not connected to any nets. (LINT-28)
Warning: In design 'kernel_5', port 'i_5_25_1' is not connected to any nets. (LINT-28)
Warning: In design 'kernel_5', port 'i_5_25_0' is not connected to any nets. (LINT-28)
Warning: In design 'kernel_5', port 'i_5_26_1' is not connected to any nets. (LINT-28)
Warning: In design 'kernel_5', port 'i_5_26_0' is not connected to any nets. (LINT-28)
Warning: In design 'kernel_5', port 'i_5_27_1' is not connected to any nets. (LINT-28)
Warning: In design 'kernel_5', port 'i_5_27_0' is not connected to any nets. (LINT-28)
Warning: In design 'kernel_5', port 'i_5_28_1' is not connected to any nets. (LINT-28)
Warning: In design 'kernel_5', port 'i_5_28_0' is not connected to any nets. (LINT-28)
Warning: In design 'kernel_5', port 'i_5_29_1' is not connected to any nets. (LINT-28)
Warning: In design 'kernel_5', port 'i_5_29_0' is not connected to any nets. (LINT-28)
Warning: In design 'kernel_5', port 'i_5_30_1' is not connected to any nets. (LINT-28)
Warning: In design 'kernel_5', port 'i_5_30_0' is not connected to any nets. (LINT-28)
Warning: In design 'kernel_5', port 'i_5_31_1' is not connected to any nets. (LINT-28)
Warning: In design 'kernel_5', port 'i_5_31_0' is not connected to any nets. (LINT-28)
Warning: In design 'kernel_1_0_1', port 'i_1_0_7_1' is not connected to any nets. (LINT-28)
Warning: In design 'kernel_1_0_1', port 'i_1_0_7_0' is not connected to any nets. (LINT-28)
Warning: In design 'kernel_1_3_1', port 'i_1_3_1_0' is not connected to any nets. (LINT-28)
Warning: In design 'kernel_1_6_1', port 'i_1_6_1_1' is not connected to any nets. (LINT-28)
Warning: In design 'kernel_1_6_1', port 'i_1_6_1_0' is not connected to any nets. (LINT-28)
Warning: In design 'kernel_1_7_0', port 'i_1_7_2_0' is not connected to any nets. (LINT-28)
Warning: In design 'kernel_1_11_1', port 'i_1_11_3_1' is not connected to any nets. (LINT-28)
Warning: In design 'kernel_1_11_1', port 'i_1_11_3_0' is not connected to any nets. (LINT-28)
Warning: In design 'kernel_1_11_1', port 'i_1_11_14_0' is not connected to any nets. (LINT-28)
Warning: In design 'kernel_1_11_1', port 'i_1_11_15_1' is not connected to any nets. (LINT-28)
Warning: In design 'kernel_1_11_1', port 'i_1_11_15_0' is not connected to any nets. (LINT-28)
Warning: In design 'kernel_1_11_0', port 'i_1_11_15_0' is not connected to any nets. (LINT-28)
Warning: In design 'kernel_1_26_1', port 'i_1_26_11_1' is not connected to any nets. (LINT-28)
Warning: In design 'kernel_1_26_1', port 'i_1_26_11_0' is not connected to any nets. (LINT-28)
Warning: In design 'kernel_1_26_0', port 'i_1_26_11_1' is not connected to any nets. (LINT-28)
Warning: In design 'kernel_1_26_0', port 'i_1_26_11_0' is not connected to any nets. (LINT-28)
Warning: In design 'kernel_1_27_1', port 'i_1_27_6_1' is not connected to any nets. (LINT-28)
Warning: In design 'kernel_1_27_1', port 'i_1_27_6_0' is not connected to any nets. (LINT-28)
Warning: In design 'kernel_1_28_1', port 'i_1_28_7_0' is not connected to any nets. (LINT-28)
Warning: In design 'kernel_1_33_1', port 'i_1_33_4_0' is not connected to any nets. (LINT-28)
Warning: In design 'kernel_1_47_1', port 'i_1_47_1_1' is not connected to any nets. (LINT-28)
Warning: In design 'kernel_1_47_1', port 'i_1_47_1_0' is not connected to any nets. (LINT-28)
Warning: In design 'kernel_1_47_1', port 'i_1_47_9_1' is not connected to any nets. (LINT-28)
Warning: In design 'kernel_1_47_1', port 'i_1_47_9_0' is not connected to any nets. (LINT-28)
Warning: In design 'kernel_1_49_1', port 'i_1_49_2_1' is not connected to any nets. (LINT-28)
Warning: In design 'kernel_1_49_1', port 'i_1_49_2_0' is not connected to any nets. (LINT-28)
Warning: In design 'kernel_1_49_1', port 'i_1_49_15_1' is not connected to any nets. (LINT-28)
Warning: In design 'kernel_1_49_1', port 'i_1_49_15_0' is not connected to any nets. (LINT-28)
Warning: In design 'kernel_1_49_0', port 'i_1_49_2_1' is not connected to any nets. (LINT-28)
Warning: In design 'kernel_1_49_0', port 'i_1_49_2_0' is not connected to any nets. (LINT-28)
Warning: In design 'kernel_1_49_0', port 'i_1_49_15_1' is not connected to any nets. (LINT-28)
Warning: In design 'kernel_1_49_0', port 'i_1_49_15_0' is not connected to any nets. (LINT-28)
Warning: In design 'kernel_1_51_1', port 'i_1_51_3_0' is not connected to any nets. (LINT-28)
Warning: In design 'kernel_1_51_1', port 'i_1_51_4_1' is not connected to any nets. (LINT-28)
Warning: In design 'kernel_1_51_1', port 'i_1_51_4_0' is not connected to any nets. (LINT-28)
Warning: In design 'kernel_1_51_0', port 'i_1_51_3_1' is not connected to any nets. (LINT-28)
Warning: In design 'kernel_1_51_0', port 'i_1_51_4_1' is not connected to any nets. (LINT-28)
Warning: In design 'kernel_1_51_0', port 'i_1_51_4_0' is not connected to any nets. (LINT-28)
Warning: In design 'kernel_1_58_1', port 'i_1_58_6_1' is not connected to any nets. (LINT-28)
Warning: In design 'kernel_1_58_1', port 'i_1_58_6_0' is not connected to any nets. (LINT-28)
Warning: In design 'kernel_1_58_0', port 'i_1_58_6_0' is not connected to any nets. (LINT-28)
Warning: In design 'kernel_1_58_0', port 'i_1_58_15_0' is not connected to any nets. (LINT-28)
Warning: In design 'kernel_1_60_1', port 'i_1_60_11_0' is not connected to any nets. (LINT-28)
Warning: In design 'kernel_2_7_1', port 'i_2_7_30_1' is not connected to any nets. (LINT-28)
Warning: In design 'kernel_2_7_1', port 'i_2_7_30_0' is not connected to any nets. (LINT-28)
Warning: In design 'kernel_2_20_1', port 'i_2_20_60_1' is not connected to any nets. (LINT-28)
Warning: In design 'kernel_2_20_1', port 'i_2_20_60_0' is not connected to any nets. (LINT-28)
Warning: In design 'kernel_2_22_1', port 'i_2_22_49_1' is not connected to any nets. (LINT-28)
Warning: In design 'kernel_2_22_1', port 'i_2_22_49_0' is not connected to any nets. (LINT-28)
Warning: In design 'kernel_2_22_1', port 'i_2_22_61_1' is not connected to any nets. (LINT-28)
Warning: In design 'kernel_2_22_1', port 'i_2_22_61_0' is not connected to any nets. (LINT-28)
Warning: In design 'kernel_2_22_0', port 'i_2_22_49_1' is not connected to any nets. (LINT-28)
Warning: In design 'kernel_2_22_0', port 'i_2_22_49_0' is not connected to any nets. (LINT-28)
Warning: In design 'kernel_2_23_1', port 'i_2_23_56_1' is not connected to any nets. (LINT-28)
Warning: In design 'kernel_2_23_1', port 'i_2_23_56_0' is not connected to any nets. (LINT-28)
Warning: In design 'kernel_2_24_1', port 'i_2_24_50_1' is not connected to any nets. (LINT-28)
Warning: In design 'kernel_2_24_1', port 'i_2_24_50_0' is not connected to any nets. (LINT-28)
Warning: In design 'kernel_2_24_0', port 'i_2_24_50_0' is not connected to any nets. (LINT-28)
Warning: In design 'kernel_2_25_1', port 'i_2_25_51_1' is not connected to any nets. (LINT-28)
Warning: In design 'kernel_2_25_1', port 'i_2_25_51_0' is not connected to any nets. (LINT-28)
Warning: In design 'kernel_2_25_0', port 'i_2_25_51_1' is not connected to any nets. (LINT-28)
Warning: In design 'kernel_2_25_0', port 'i_2_25_51_0' is not connected to any nets. (LINT-28)
Warning: In design 'kernel_3_4_1', port 'i_3_4_4_1' is not connected to any nets. (LINT-28)
Warning: In design 'kernel_3_4_1', port 'i_3_4_4_0' is not connected to any nets. (LINT-28)
Warning: In design 'kernel_3_4_1', port 'i_3_4_27_1' is not connected to any nets. (LINT-28)
Warning: In design 'kernel_3_4_1', port 'i_3_4_27_0' is not connected to any nets. (LINT-28)
Warning: In design 'kernel_3_12_1', port 'i_3_12_28_1' is not connected to any nets. (LINT-28)
Warning: In design 'kernel_3_12_1', port 'i_3_12_28_0' is not connected to any nets. (LINT-28)
Warning: In design 'kernel_3_16_1', port 'i_3_16_4_1' is not connected to any nets. (LINT-28)
Warning: In design 'kernel_3_16_1', port 'i_3_16_4_0' is not connected to any nets. (LINT-28)
Warning: In design 'kernel_3_16_0', port 'i_3_16_4_1' is not connected to any nets. (LINT-28)
Warning: In design 'kernel_3_16_0', port 'i_3_16_4_0' is not connected to any nets. (LINT-28)
Warning: In design 'kernel_3_16_0', port 'i_3_16_11_0' is not connected to any nets. (LINT-28)
Warning: In design 'kernel_4_2_1', port 'i_4_2_6_0' is not connected to any nets. (LINT-28)
Warning: In design 'kernel_4_20_1', port 'i_4_20_5_1' is not connected to any nets. (LINT-28)
Warning: In design 'kernel_4_20_1', port 'i_4_20_5_0' is not connected to any nets. (LINT-28)
Warning: In design 'kernel_4_20_1', port 'i_4_20_6_1' is not connected to any nets. (LINT-28)
Warning: In design 'kernel_4_20_1', port 'i_4_20_6_0' is not connected to any nets. (LINT-28)
Warning: In design 'kernel_4_20_1', port 'i_4_20_11_0' is not connected to any nets. (LINT-28)
Warning: In design 'kernel_4_20_0', port 'i_4_20_5_0' is not connected to any nets. (LINT-28)
Warning: In design 'kernel_1_11_1', input port 'i_1_11_14_1' is connected directly to output port 'o_1_11_0_1'. (LINT-29)
Warning: In design 'kernel_4_20_1', input port 'i_4_20_11_1' is connected directly to output port 'o_4_20_0_1'. (LINT-29)
Warning: In design 'jscS_Nulla', a pin on submodule 'kernel_2_0' is connected to logic 1 or logic 0. (LINT-32)
   Pin 'i_2_2_1' is connected to logic 0. 
Warning: In design 'jscS_Nulla', a pin on submodule 'kernel_2_0' is connected to logic 1 or logic 0. (LINT-32)
   Pin 'i_2_2_0' is connected to logic 0. 
Warning: In design 'jscS_Nulla', a pin on submodule 'kernel_2_0' is connected to logic 1 or logic 0. (LINT-32)
   Pin 'i_2_8_1' is connected to logic 0. 
Warning: In design 'jscS_Nulla', a pin on submodule 'kernel_2_0' is connected to logic 1 or logic 0. (LINT-32)
   Pin 'i_2_8_0' is connected to logic 0. 
Warning: In design 'jscS_Nulla', a pin on submodule 'kernel_2_0' is connected to logic 1 or logic 0. (LINT-32)
   Pin 'i_2_15_1' is connected to logic 0. 
Warning: In design 'jscS_Nulla', a pin on submodule 'kernel_2_0' is connected to logic 1 or logic 0. (LINT-32)
   Pin 'i_2_15_0' is connected to logic 0. 
Warning: In design 'jscS_Nulla', a pin on submodule 'kernel_2_0' is connected to logic 1 or logic 0. (LINT-32)
   Pin 'i_2_18_1' is connected to logic 0. 
Warning: In design 'jscS_Nulla', a pin on submodule 'kernel_2_0' is connected to logic 1 or logic 0. (LINT-32)
   Pin 'i_2_18_0' is connected to logic 0. 
Warning: In design 'jscS_Nulla', a pin on submodule 'kernel_2_0' is connected to logic 1 or logic 0. (LINT-32)
   Pin 'i_2_20_1' is connected to logic 0. 
Warning: In design 'jscS_Nulla', a pin on submodule 'kernel_2_0' is connected to logic 1 or logic 0. (LINT-32)
   Pin 'i_2_20_0' is connected to logic 0. 
Warning: In design 'jscS_Nulla', a pin on submodule 'kernel_2_0' is connected to logic 1 or logic 0. (LINT-32)
   Pin 'i_2_22_1' is connected to logic 0. 
Warning: In design 'jscS_Nulla', a pin on submodule 'kernel_2_0' is connected to logic 1 or logic 0. (LINT-32)
   Pin 'i_2_22_0' is connected to logic 0. 
Warning: In design 'jscS_Nulla', a pin on submodule 'kernel_2_0' is connected to logic 1 or logic 0. (LINT-32)
   Pin 'i_2_29_1' is connected to logic 0. 
Warning: In design 'jscS_Nulla', a pin on submodule 'kernel_2_0' is connected to logic 1 or logic 0. (LINT-32)
   Pin 'i_2_29_0' is connected to logic 0. 
Warning: In design 'jscS_Nulla', a pin on submodule 'kernel_2_0' is connected to logic 1 or logic 0. (LINT-32)
   Pin 'i_2_32_1' is connected to logic 0. 
Warning: In design 'jscS_Nulla', a pin on submodule 'kernel_2_0' is connected to logic 1 or logic 0. (LINT-32)
   Pin 'i_2_32_0' is connected to logic 0. 
Warning: In design 'jscS_Nulla', a pin on submodule 'kernel_2_0' is connected to logic 1 or logic 0. (LINT-32)
   Pin 'i_2_37_1' is connected to logic 0. 
Warning: In design 'jscS_Nulla', a pin on submodule 'kernel_2_0' is connected to logic 1 or logic 0. (LINT-32)
   Pin 'i_2_37_0' is connected to logic 0. 
Warning: In design 'jscS_Nulla', a pin on submodule 'kernel_2_0' is connected to logic 1 or logic 0. (LINT-32)
   Pin 'i_2_40_1' is connected to logic 0. 
Warning: In design 'jscS_Nulla', a pin on submodule 'kernel_2_0' is connected to logic 1 or logic 0. (LINT-32)
   Pin 'i_2_40_0' is connected to logic 0. 
Warning: In design 'jscS_Nulla', a pin on submodule 'kernel_2_0' is connected to logic 1 or logic 0. (LINT-32)
   Pin 'i_2_50_0' is connected to logic 0. 
Warning: In design 'jscS_Nulla', a pin on submodule 'kernel_2_0' is connected to logic 1 or logic 0. (LINT-32)
   Pin 'i_2_53_1' is connected to logic 0. 
Warning: In design 'jscS_Nulla', a pin on submodule 'kernel_2_0' is connected to logic 1 or logic 0. (LINT-32)
   Pin 'i_2_53_0' is connected to logic 0. 
Warning: In design 'jscS_Nulla', a pin on submodule 'kernel_2_0' is connected to logic 1 or logic 0. (LINT-32)
   Pin 'i_2_55_1' is connected to logic 0. 
Warning: In design 'jscS_Nulla', a pin on submodule 'kernel_2_0' is connected to logic 1 or logic 0. (LINT-32)
   Pin 'i_2_55_0' is connected to logic 0. 
Warning: In design 'jscS_Nulla', a pin on submodule 'kernel_2_0' is connected to logic 1 or logic 0. (LINT-32)
   Pin 'i_2_62_1' is connected to logic 0. 
Warning: In design 'jscS_Nulla', a pin on submodule 'kernel_2_0' is connected to logic 1 or logic 0. (LINT-32)
   Pin 'i_2_62_0' is connected to logic 0. 
Warning: In design 'jscS_Nulla', a pin on submodule 'kernel_3_0' is connected to logic 1 or logic 0. (LINT-32)
   Pin 'i_3_10_1' is connected to logic 0. 
Warning: In design 'jscS_Nulla', a pin on submodule 'kernel_3_0' is connected to logic 1 or logic 0. (LINT-32)
   Pin 'i_3_10_0' is connected to logic 0. 
Warning: In design 'jscS_Nulla', a pin on submodule 'kernel_4_0' is connected to logic 1 or logic 0. (LINT-32)
   Pin 'i_4_10_1' is connected to logic 0. 
Warning: In design 'jscS_Nulla', a pin on submodule 'kernel_4_0' is connected to logic 1 or logic 0. (LINT-32)
   Pin 'i_4_10_0' is connected to logic 0. 
Warning: In design 'jscS_Nulla', a pin on submodule 'kernel_4_0' is connected to logic 1 or logic 0. (LINT-32)
   Pin 'i_4_13_1' is connected to logic 0. 
Warning: In design 'jscS_Nulla', a pin on submodule 'kernel_4_0' is connected to logic 1 or logic 0. (LINT-32)
   Pin 'i_4_13_0' is connected to logic 0. 
Warning: In design 'jscS_Nulla', a pin on submodule 'kernel_4_0' is connected to logic 1 or logic 0. (LINT-32)
   Pin 'i_4_17_1' is connected to logic 0. 
Warning: In design 'jscS_Nulla', a pin on submodule 'kernel_4_0' is connected to logic 1 or logic 0. (LINT-32)
   Pin 'i_4_17_0' is connected to logic 0. 
Warning: In design 'jscS_Nulla', a pin on submodule 'kernel_4_0' is connected to logic 1 or logic 0. (LINT-32)
   Pin 'i_4_20_1' is connected to logic 0. 
Warning: In design 'jscS_Nulla', a pin on submodule 'kernel_4_0' is connected to logic 1 or logic 0. (LINT-32)
   Pin 'i_4_20_0' is connected to logic 0. 
Warning: In design 'jscS_Nulla', a pin on submodule 'kernel_4_0' is connected to logic 1 or logic 0. (LINT-32)
   Pin 'i_4_21_1' is connected to logic 0. 
Warning: In design 'jscS_Nulla', a pin on submodule 'kernel_4_0' is connected to logic 1 or logic 0. (LINT-32)
   Pin 'i_4_21_0' is connected to logic 0. 
Warning: In design 'jscS_Nulla', a pin on submodule 'kernel_4_0' is connected to logic 1 or logic 0. (LINT-32)
   Pin 'i_4_26_1' is connected to logic 0. 
Warning: In design 'jscS_Nulla', a pin on submodule 'kernel_4_0' is connected to logic 1 or logic 0. (LINT-32)
   Pin 'i_4_26_0' is connected to logic 0. 
Warning: In design 'jscS_Nulla', a pin on submodule 'kernel_4_0' is connected to logic 1 or logic 0. (LINT-32)
   Pin 'i_4_27_1' is connected to logic 0. 
Warning: In design 'jscS_Nulla', a pin on submodule 'kernel_4_0' is connected to logic 1 or logic 0. (LINT-32)
   Pin 'i_4_27_0' is connected to logic 0. 
Warning: In design 'jscS_Nulla', a pin on submodule 'kernel_4_0' is connected to logic 1 or logic 0. (LINT-32)
   Pin 'i_4_28_1' is connected to logic 0. 
Warning: In design 'jscS_Nulla', a pin on submodule 'kernel_4_0' is connected to logic 1 or logic 0. (LINT-32)
   Pin 'i_4_28_0' is connected to logic 0. 
Warning: In design 'jscS_Nulla', a pin on submodule 'kernel_4_0' is connected to logic 1 or logic 0. (LINT-32)
   Pin 'i_4_30_1' is connected to logic 0. 
Warning: In design 'jscS_Nulla', a pin on submodule 'kernel_4_0' is connected to logic 1 or logic 0. (LINT-32)
   Pin 'i_4_30_0' is connected to logic 0. 
Warning: In design 'jscS_Nulla', a pin on submodule 'kernel_4_0' is connected to logic 1 or logic 0. (LINT-32)
   Pin 'i_4_31_1' is connected to logic 0. 
Warning: In design 'jscS_Nulla', a pin on submodule 'kernel_4_0' is connected to logic 1 or logic 0. (LINT-32)
   Pin 'i_4_31_0' is connected to logic 0. 
Warning: In design 'jscS_Nulla', a pin on submodule 'kernel_5_0' is connected to logic 1 or logic 0. (LINT-32)
   Pin 'i_5_0_1' is connected to logic 0. 
Warning: In design 'jscS_Nulla', a pin on submodule 'kernel_5_0' is connected to logic 1 or logic 0. (LINT-32)
   Pin 'i_5_0_0' is connected to logic 0. 
Warning: In design 'jscS_Nulla', a pin on submodule 'kernel_5_0' is connected to logic 1 or logic 0. (LINT-32)
   Pin 'i_5_3_1' is connected to logic 0. 
Warning: In design 'jscS_Nulla', a pin on submodule 'kernel_5_0' is connected to logic 1 or logic 0. (LINT-32)
   Pin 'i_5_3_0' is connected to logic 0. 
Warning: In design 'jscS_Nulla', a pin on submodule 'kernel_5_0' is connected to logic 1 or logic 0. (LINT-32)
   Pin 'i_5_4_1' is connected to logic 0. 
Warning: In design 'jscS_Nulla', a pin on submodule 'kernel_5_0' is connected to logic 1 or logic 0. (LINT-32)
   Pin 'i_5_4_0' is connected to logic 0. 
Warning: In design 'jscS_Nulla', a pin on submodule 'kernel_5_0' is connected to logic 1 or logic 0. (LINT-32)
   Pin 'i_5_5_1' is connected to logic 0. 
Warning: In design 'jscS_Nulla', a pin on submodule 'kernel_5_0' is connected to logic 1 or logic 0. (LINT-32)
   Pin 'i_5_5_0' is connected to logic 0. 
Warning: In design 'jscS_Nulla', a pin on submodule 'kernel_5_0' is connected to logic 1 or logic 0. (LINT-32)
   Pin 'i_5_7_1' is connected to logic 0. 
Warning: In design 'jscS_Nulla', a pin on submodule 'kernel_5_0' is connected to logic 1 or logic 0. (LINT-32)
   Pin 'i_5_7_0' is connected to logic 0. 
Warning: In design 'jscS_Nulla', a pin on submodule 'kernel_5_0' is connected to logic 1 or logic 0. (LINT-32)
   Pin 'i_5_11_1' is connected to logic 0. 
Warning: In design 'jscS_Nulla', a pin on submodule 'kernel_5_0' is connected to logic 1 or logic 0. (LINT-32)
   Pin 'i_5_11_0' is connected to logic 0. 
Warning: In design 'jscS_Nulla', a pin on submodule 'kernel_5_0' is connected to logic 1 or logic 0. (LINT-32)
   Pin 'i_5_12_1' is connected to logic 0. 
Warning: In design 'jscS_Nulla', a pin on submodule 'kernel_5_0' is connected to logic 1 or logic 0. (LINT-32)
   Pin 'i_5_12_0' is connected to logic 0. 
Warning: In design 'jscS_Nulla', a pin on submodule 'kernel_5_0' is connected to logic 1 or logic 0. (LINT-32)
   Pin 'i_5_16_1' is connected to logic 0. 
Warning: In design 'jscS_Nulla', a pin on submodule 'kernel_5_0' is connected to logic 1 or logic 0. (LINT-32)
   Pin 'i_5_16_0' is connected to logic 0. 
Warning: In design 'jscS_Nulla', a pin on submodule 'kernel_5_0' is connected to logic 1 or logic 0. (LINT-32)
   Pin 'i_5_18_1' is connected to logic 0. 
Warning: In design 'jscS_Nulla', a pin on submodule 'kernel_5_0' is connected to logic 1 or logic 0. (LINT-32)
   Pin 'i_5_18_0' is connected to logic 0. 
Warning: In design 'jscS_Nulla', a pin on submodule 'kernel_5_0' is connected to logic 1 or logic 0. (LINT-32)
   Pin 'i_5_22_1' is connected to logic 0. 
Warning: In design 'jscS_Nulla', a pin on submodule 'kernel_5_0' is connected to logic 1 or logic 0. (LINT-32)
   Pin 'i_5_22_0' is connected to logic 0. 
Warning: In design 'jscS_Nulla', a pin on submodule 'kernel_5_0' is connected to logic 1 or logic 0. (LINT-32)
   Pin 'i_5_23_1' is connected to logic 0. 
Warning: In design 'jscS_Nulla', a pin on submodule 'kernel_5_0' is connected to logic 1 or logic 0. (LINT-32)
   Pin 'i_5_23_0' is connected to logic 0. 
Warning: In design 'jscS_Nulla', a pin on submodule 'kernel_5_0' is connected to logic 1 or logic 0. (LINT-32)
   Pin 'i_5_24_1' is connected to logic 0. 
Warning: In design 'jscS_Nulla', a pin on submodule 'kernel_5_0' is connected to logic 1 or logic 0. (LINT-32)
   Pin 'i_5_24_0' is connected to logic 0. 
Warning: In design 'jscS_Nulla', a pin on submodule 'kernel_5_0' is connected to logic 1 or logic 0. (LINT-32)
   Pin 'i_5_25_1' is connected to logic 0. 
Warning: In design 'jscS_Nulla', a pin on submodule 'kernel_5_0' is connected to logic 1 or logic 0. (LINT-32)
   Pin 'i_5_25_0' is connected to logic 0. 
Warning: In design 'jscS_Nulla', a pin on submodule 'kernel_5_0' is connected to logic 1 or logic 0. (LINT-32)
   Pin 'i_5_26_1' is connected to logic 0. 
Warning: In design 'jscS_Nulla', a pin on submodule 'kernel_5_0' is connected to logic 1 or logic 0. (LINT-32)
   Pin 'i_5_26_0' is connected to logic 0. 
Warning: In design 'jscS_Nulla', a pin on submodule 'kernel_5_0' is connected to logic 1 or logic 0. (LINT-32)
   Pin 'i_5_27_1' is connected to logic 0. 
Warning: In design 'jscS_Nulla', a pin on submodule 'kernel_5_0' is connected to logic 1 or logic 0. (LINT-32)
   Pin 'i_5_27_0' is connected to logic 0. 
Warning: In design 'jscS_Nulla', a pin on submodule 'kernel_5_0' is connected to logic 1 or logic 0. (LINT-32)
   Pin 'i_5_28_1' is connected to logic 0. 
Warning: In design 'jscS_Nulla', a pin on submodule 'kernel_5_0' is connected to logic 1 or logic 0. (LINT-32)
   Pin 'i_5_28_0' is connected to logic 0. 
Warning: In design 'jscS_Nulla', a pin on submodule 'kernel_5_0' is connected to logic 1 or logic 0. (LINT-32)
   Pin 'i_5_29_1' is connected to logic 0. 
Warning: In design 'jscS_Nulla', a pin on submodule 'kernel_5_0' is connected to logic 1 or logic 0. (LINT-32)
   Pin 'i_5_29_0' is connected to logic 0. 
Warning: In design 'jscS_Nulla', a pin on submodule 'kernel_5_0' is connected to logic 1 or logic 0. (LINT-32)
   Pin 'i_5_30_1' is connected to logic 0. 
Warning: In design 'jscS_Nulla', a pin on submodule 'kernel_5_0' is connected to logic 1 or logic 0. (LINT-32)
   Pin 'i_5_30_0' is connected to logic 0. 
Warning: In design 'jscS_Nulla', a pin on submodule 'kernel_5_0' is connected to logic 1 or logic 0. (LINT-32)
   Pin 'i_5_31_1' is connected to logic 0. 
Warning: In design 'jscS_Nulla', a pin on submodule 'kernel_5_0' is connected to logic 1 or logic 0. (LINT-32)
   Pin 'i_5_31_0' is connected to logic 0. 
Warning: In design 'kernel_1', a pin on submodule 'k_1_0_1' is connected to logic 1 or logic 0. (LINT-32)
   Pin 'i_1_0_7_1' is connected to logic 0. 
Warning: In design 'kernel_1', a pin on submodule 'k_1_0_1' is connected to logic 1 or logic 0. (LINT-32)
   Pin 'i_1_0_7_0' is connected to logic 0. 
Warning: In design 'kernel_1', a pin on submodule 'k_1_3_1' is connected to logic 1 or logic 0. (LINT-32)
   Pin 'i_1_3_1_0' is connected to logic 0. 
Warning: In design 'kernel_1', a pin on submodule 'k_1_6_1' is connected to logic 1 or logic 0. (LINT-32)
   Pin 'i_1_6_1_1' is connected to logic 0. 
Warning: In design 'kernel_1', a pin on submodule 'k_1_6_1' is connected to logic 1 or logic 0. (LINT-32)
   Pin 'i_1_6_1_0' is connected to logic 0. 
Warning: In design 'kernel_1', a pin on submodule 'k_1_7_0' is connected to logic 1 or logic 0. (LINT-32)
   Pin 'i_1_7_2_0' is connected to logic 0. 
Warning: In design 'kernel_1', a pin on submodule 'k_1_11_1' is connected to logic 1 or logic 0. (LINT-32)
   Pin 'i_1_11_3_1' is connected to logic 0. 
Warning: In design 'kernel_1', a pin on submodule 'k_1_11_1' is connected to logic 1 or logic 0. (LINT-32)
   Pin 'i_1_11_3_0' is connected to logic 0. 
Warning: In design 'kernel_1', a pin on submodule 'k_1_11_1' is connected to logic 1 or logic 0. (LINT-32)
   Pin 'i_1_11_14_0' is connected to logic 0. 
Warning: In design 'kernel_1', a pin on submodule 'k_1_11_1' is connected to logic 1 or logic 0. (LINT-32)
   Pin 'i_1_11_15_1' is connected to logic 0. 
Warning: In design 'kernel_1', a pin on submodule 'k_1_11_1' is connected to logic 1 or logic 0. (LINT-32)
   Pin 'i_1_11_15_0' is connected to logic 0. 
Warning: In design 'kernel_1', a pin on submodule 'k_1_11_0' is connected to logic 1 or logic 0. (LINT-32)
   Pin 'i_1_11_15_0' is connected to logic 0. 
Warning: In design 'kernel_1', a pin on submodule 'k_1_26_1' is connected to logic 1 or logic 0. (LINT-32)
   Pin 'i_1_26_11_1' is connected to logic 0. 
Warning: In design 'kernel_1', a pin on submodule 'k_1_26_1' is connected to logic 1 or logic 0. (LINT-32)
   Pin 'i_1_26_11_0' is connected to logic 0. 
Warning: In design 'kernel_1', a pin on submodule 'k_1_26_0' is connected to logic 1 or logic 0. (LINT-32)
   Pin 'i_1_26_11_1' is connected to logic 0. 
Warning: In design 'kernel_1', a pin on submodule 'k_1_26_0' is connected to logic 1 or logic 0. (LINT-32)
   Pin 'i_1_26_11_0' is connected to logic 0. 
Warning: In design 'kernel_1', a pin on submodule 'k_1_27_1' is connected to logic 1 or logic 0. (LINT-32)
   Pin 'i_1_27_6_1' is connected to logic 0. 
Warning: In design 'kernel_1', a pin on submodule 'k_1_27_1' is connected to logic 1 or logic 0. (LINT-32)
   Pin 'i_1_27_6_0' is connected to logic 0. 
Warning: In design 'kernel_1', a pin on submodule 'k_1_28_1' is connected to logic 1 or logic 0. (LINT-32)
   Pin 'i_1_28_7_0' is connected to logic 0. 
Warning: In design 'kernel_1', a pin on submodule 'k_1_33_1' is connected to logic 1 or logic 0. (LINT-32)
   Pin 'i_1_33_4_0' is connected to logic 0. 
Warning: In design 'kernel_1', a pin on submodule 'k_1_47_1' is connected to logic 1 or logic 0. (LINT-32)
   Pin 'i_1_47_1_1' is connected to logic 0. 
Warning: In design 'kernel_1', a pin on submodule 'k_1_47_1' is connected to logic 1 or logic 0. (LINT-32)
   Pin 'i_1_47_1_0' is connected to logic 0. 
Warning: In design 'kernel_1', a pin on submodule 'k_1_47_1' is connected to logic 1 or logic 0. (LINT-32)
   Pin 'i_1_47_9_1' is connected to logic 0. 
Warning: In design 'kernel_1', a pin on submodule 'k_1_47_1' is connected to logic 1 or logic 0. (LINT-32)
   Pin 'i_1_47_9_0' is connected to logic 0. 
Warning: In design 'kernel_1', a pin on submodule 'k_1_49_1' is connected to logic 1 or logic 0. (LINT-32)
   Pin 'i_1_49_2_1' is connected to logic 0. 
Warning: In design 'kernel_1', a pin on submodule 'k_1_49_1' is connected to logic 1 or logic 0. (LINT-32)
   Pin 'i_1_49_2_0' is connected to logic 0. 
Warning: In design 'kernel_1', a pin on submodule 'k_1_49_1' is connected to logic 1 or logic 0. (LINT-32)
   Pin 'i_1_49_15_1' is connected to logic 0. 
Warning: In design 'kernel_1', a pin on submodule 'k_1_49_1' is connected to logic 1 or logic 0. (LINT-32)
   Pin 'i_1_49_15_0' is connected to logic 0. 
Warning: In design 'kernel_1', a pin on submodule 'k_1_49_0' is connected to logic 1 or logic 0. (LINT-32)
   Pin 'i_1_49_2_1' is connected to logic 0. 
Warning: In design 'kernel_1', a pin on submodule 'k_1_49_0' is connected to logic 1 or logic 0. (LINT-32)
   Pin 'i_1_49_2_0' is connected to logic 0. 
Warning: In design 'kernel_1', a pin on submodule 'k_1_49_0' is connected to logic 1 or logic 0. (LINT-32)
   Pin 'i_1_49_15_1' is connected to logic 0. 
Warning: In design 'kernel_1', a pin on submodule 'k_1_49_0' is connected to logic 1 or logic 0. (LINT-32)
   Pin 'i_1_49_15_0' is connected to logic 0. 
Warning: In design 'kernel_1', a pin on submodule 'k_1_51_1' is connected to logic 1 or logic 0. (LINT-32)
   Pin 'i_1_51_3_0' is connected to logic 0. 
Warning: In design 'kernel_1', a pin on submodule 'k_1_51_1' is connected to logic 1 or logic 0. (LINT-32)
   Pin 'i_1_51_4_1' is connected to logic 0. 
Warning: In design 'kernel_1', a pin on submodule 'k_1_51_1' is connected to logic 1 or logic 0. (LINT-32)
   Pin 'i_1_51_4_0' is connected to logic 0. 
Warning: In design 'kernel_1', a pin on submodule 'k_1_51_0' is connected to logic 1 or logic 0. (LINT-32)
   Pin 'i_1_51_3_1' is connected to logic 0. 
Warning: In design 'kernel_1', a pin on submodule 'k_1_51_0' is connected to logic 1 or logic 0. (LINT-32)
   Pin 'i_1_51_4_1' is connected to logic 0. 
Warning: In design 'kernel_1', a pin on submodule 'k_1_51_0' is connected to logic 1 or logic 0. (LINT-32)
   Pin 'i_1_51_4_0' is connected to logic 0. 
Warning: In design 'kernel_1', a pin on submodule 'k_1_58_1' is connected to logic 1 or logic 0. (LINT-32)
   Pin 'i_1_58_6_1' is connected to logic 0. 
Warning: In design 'kernel_1', a pin on submodule 'k_1_58_1' is connected to logic 1 or logic 0. (LINT-32)
   Pin 'i_1_58_6_0' is connected to logic 0. 
Warning: In design 'kernel_1', a pin on submodule 'k_1_58_0' is connected to logic 1 or logic 0. (LINT-32)
   Pin 'i_1_58_6_0' is connected to logic 0. 
Warning: In design 'kernel_1', a pin on submodule 'k_1_58_0' is connected to logic 1 or logic 0. (LINT-32)
   Pin 'i_1_58_15_0' is connected to logic 0. 
Warning: In design 'kernel_1', a pin on submodule 'k_1_60_1' is connected to logic 1 or logic 0. (LINT-32)
   Pin 'i_1_60_11_0' is connected to logic 0. 
Warning: In design 'kernel_2', a pin on submodule 'k_2_7_1' is connected to logic 1 or logic 0. (LINT-32)
   Pin 'i_2_7_30_1' is connected to logic 0. 
Warning: In design 'kernel_2', a pin on submodule 'k_2_7_1' is connected to logic 1 or logic 0. (LINT-32)
   Pin 'i_2_7_30_0' is connected to logic 0. 
Warning: In design 'kernel_2', a pin on submodule 'k_2_20_1' is connected to logic 1 or logic 0. (LINT-32)
   Pin 'i_2_20_60_1' is connected to logic 0. 
Warning: In design 'kernel_2', a pin on submodule 'k_2_20_1' is connected to logic 1 or logic 0. (LINT-32)
   Pin 'i_2_20_60_0' is connected to logic 0. 
Warning: In design 'kernel_2', a pin on submodule 'k_2_22_1' is connected to logic 1 or logic 0. (LINT-32)
   Pin 'i_2_22_49_1' is connected to logic 0. 
Warning: In design 'kernel_2', a pin on submodule 'k_2_22_1' is connected to logic 1 or logic 0. (LINT-32)
   Pin 'i_2_22_49_0' is connected to logic 0. 
Warning: In design 'kernel_2', a pin on submodule 'k_2_22_1' is connected to logic 1 or logic 0. (LINT-32)
   Pin 'i_2_22_61_1' is connected to logic 0. 
Warning: In design 'kernel_2', a pin on submodule 'k_2_22_1' is connected to logic 1 or logic 0. (LINT-32)
   Pin 'i_2_22_61_0' is connected to logic 0. 
Warning: In design 'kernel_2', a pin on submodule 'k_2_22_0' is connected to logic 1 or logic 0. (LINT-32)
   Pin 'i_2_22_49_1' is connected to logic 0. 
Warning: In design 'kernel_2', a pin on submodule 'k_2_22_0' is connected to logic 1 or logic 0. (LINT-32)
   Pin 'i_2_22_49_0' is connected to logic 0. 
Warning: In design 'kernel_2', a pin on submodule 'k_2_23_1' is connected to logic 1 or logic 0. (LINT-32)
   Pin 'i_2_23_56_1' is connected to logic 0. 
Warning: In design 'kernel_2', a pin on submodule 'k_2_23_1' is connected to logic 1 or logic 0. (LINT-32)
   Pin 'i_2_23_56_0' is connected to logic 0. 
Warning: In design 'kernel_2', a pin on submodule 'k_2_24_1' is connected to logic 1 or logic 0. (LINT-32)
   Pin 'i_2_24_50_1' is connected to logic 0. 
Warning: In design 'kernel_2', a pin on submodule 'k_2_24_1' is connected to logic 1 or logic 0. (LINT-32)
   Pin 'i_2_24_50_0' is connected to logic 0. 
Warning: In design 'kernel_2', a pin on submodule 'k_2_24_0' is connected to logic 1 or logic 0. (LINT-32)
   Pin 'i_2_24_50_0' is connected to logic 0. 
Warning: In design 'kernel_2', a pin on submodule 'k_2_25_1' is connected to logic 1 or logic 0. (LINT-32)
   Pin 'i_2_25_51_1' is connected to logic 0. 
Warning: In design 'kernel_2', a pin on submodule 'k_2_25_1' is connected to logic 1 or logic 0. (LINT-32)
   Pin 'i_2_25_51_0' is connected to logic 0. 
Warning: In design 'kernel_2', a pin on submodule 'k_2_25_0' is connected to logic 1 or logic 0. (LINT-32)
   Pin 'i_2_25_51_1' is connected to logic 0. 
Warning: In design 'kernel_2', a pin on submodule 'k_2_25_0' is connected to logic 1 or logic 0. (LINT-32)
   Pin 'i_2_25_51_0' is connected to logic 0. 
Warning: In design 'kernel_3', a pin on submodule 'k_3_4_1' is connected to logic 1 or logic 0. (LINT-32)
   Pin 'i_3_4_4_1' is connected to logic 0. 
Warning: In design 'kernel_3', a pin on submodule 'k_3_4_1' is connected to logic 1 or logic 0. (LINT-32)
   Pin 'i_3_4_4_0' is connected to logic 0. 
Warning: In design 'kernel_3', a pin on submodule 'k_3_4_1' is connected to logic 1 or logic 0. (LINT-32)
   Pin 'i_3_4_27_1' is connected to logic 0. 
Warning: In design 'kernel_3', a pin on submodule 'k_3_4_1' is connected to logic 1 or logic 0. (LINT-32)
   Pin 'i_3_4_27_0' is connected to logic 0. 
Warning: In design 'kernel_3', a pin on submodule 'k_3_12_1' is connected to logic 1 or logic 0. (LINT-32)
   Pin 'i_3_12_28_1' is connected to logic 0. 
Warning: In design 'kernel_3', a pin on submodule 'k_3_12_1' is connected to logic 1 or logic 0. (LINT-32)
   Pin 'i_3_12_28_0' is connected to logic 0. 
Warning: In design 'kernel_3', a pin on submodule 'k_3_16_1' is connected to logic 1 or logic 0. (LINT-32)
   Pin 'i_3_16_4_1' is connected to logic 0. 
Warning: In design 'kernel_3', a pin on submodule 'k_3_16_1' is connected to logic 1 or logic 0. (LINT-32)
   Pin 'i_3_16_4_0' is connected to logic 0. 
Warning: In design 'kernel_3', a pin on submodule 'k_3_16_0' is connected to logic 1 or logic 0. (LINT-32)
   Pin 'i_3_16_4_1' is connected to logic 0. 
Warning: In design 'kernel_3', a pin on submodule 'k_3_16_0' is connected to logic 1 or logic 0. (LINT-32)
   Pin 'i_3_16_4_0' is connected to logic 0. 
Warning: In design 'kernel_3', a pin on submodule 'k_3_16_0' is connected to logic 1 or logic 0. (LINT-32)
   Pin 'i_3_16_11_0' is connected to logic 0. 
Warning: In design 'kernel_4', a pin on submodule 'k_4_2_1' is connected to logic 1 or logic 0. (LINT-32)
   Pin 'i_4_2_6_0' is connected to logic 0. 
Warning: In design 'kernel_4', a pin on submodule 'k_4_20_1' is connected to logic 1 or logic 0. (LINT-32)
   Pin 'i_4_20_5_1' is connected to logic 0. 
Warning: In design 'kernel_4', a pin on submodule 'k_4_20_1' is connected to logic 1 or logic 0. (LINT-32)
   Pin 'i_4_20_5_0' is connected to logic 0. 
Warning: In design 'kernel_4', a pin on submodule 'k_4_20_1' is connected to logic 1 or logic 0. (LINT-32)
   Pin 'i_4_20_6_1' is connected to logic 0. 
Warning: In design 'kernel_4', a pin on submodule 'k_4_20_1' is connected to logic 1 or logic 0. (LINT-32)
   Pin 'i_4_20_6_0' is connected to logic 0. 
Warning: In design 'kernel_4', a pin on submodule 'k_4_20_1' is connected to logic 1 or logic 0. (LINT-32)
   Pin 'i_4_20_11_0' is connected to logic 0. 
Warning: In design 'kernel_4', a pin on submodule 'k_4_20_0' is connected to logic 1 or logic 0. (LINT-32)
   Pin 'i_4_20_5_0' is connected to logic 0. 
1
